// Jest Snapshot v1, https://goo.gl/fbAQLP

exports[`<ClickableLabel /> renders correctly 1`] = `
<span
  aria-label="someLabel: someValue"
  className="pf-c-label pf-m-blue"
  onClick={[Function]}
  onFocus={[Function]}
  onMouseEnter={[Function]}
  onMouseLeave={[Function]}
  style={Object {}}
>
  <span
    className="pf-c-label__content"
  >
    someLabel: someValue
  </span>
</span>
`;
