// Jest Snapshot v1, https://goo.gl/fbAQLP

exports[`<Settings/> renders correctly 1`] = `
<section
  className="pf-c-page__main-section"
>
  <nav
    aria-label="Breadcrumb"
    className="pf-c-breadcrumb"
    data-ouia-component-id="OUIA-Generated-Breadcrumb-1"
    data-ouia-component-type="PF4/Breadcrumb"
    data-ouia-safe={true}
  >
    <ol
      className="pf-c-breadcrumb__list"
    >
      <li
        className="pf-c-breadcrumb__item"
      >
        <h1
          className="pf-c-breadcrumb__heading"
        >
          Settings
        </h1>
      </li>
    </ol>
  </nav>
  <div
    className="pf-l-stack pf-m-gutter"
  >
    <div
      className="pf-l-stack__item"
    >
      <article
        className="pf-c-card"
        data-ouia-component-id="OUIA-Generated-Card-1"
        data-ouia-component-type="PF4/Card"
        data-ouia-safe={true}
        id=""
      >
        <div
          className="pf-c-card__title"
        >
          <p
            className=""
            data-ouia-component-id="OUIA-Generated-Text-1"
            data-ouia-component-type="PF4/Text"
            data-ouia-safe={true}
            data-pf-content={true}
          >
            Notification Control Title
          </p>
          <small
            className=""
            data-ouia-component-id="OUIA-Generated-Text-2"
            data-ouia-component-type="PF4/Text"
            data-ouia-safe={true}
            data-pf-content={true}
          >
            Notification Control Description
          </small>
        </div>
        <div
          className="pf-c-card__body"
        >
          <p
            className=""
            data-ouia-component-id="OUIA-Generated-Text-3"
            data-ouia-component-type="PF4/Text"
            data-ouia-safe={true}
            data-pf-content={true}
          >
            Notification Control Component
          </p>
        </div>
      </article>
    </div>
    <div
      className="pf-l-stack__item"
    >
      <article
        className="pf-c-card"
        data-ouia-component-id="OUIA-Generated-Card-2"
        data-ouia-component-type="PF4/Card"
        data-ouia-safe={true}
        id=""
      >
        <div
          className="pf-c-card__title"
        >
          <p
            className=""
            data-ouia-component-id="OUIA-Generated-Text-4"
            data-ouia-component-type="PF4/Text"
            data-ouia-safe={true}
            data-pf-content={true}
          >
            Automated Analysis Config Title
          </p>
          <small
            className=""
            data-ouia-component-id="OUIA-Generated-Text-5"
            data-ouia-component-type="PF4/Text"
            data-ouia-safe={true}
            data-pf-content={true}
          >
            Automated Analysis Config Description
          </small>
        </div>
        <div
          className="pf-c-card__body"
        >
          <p
            className=""
            data-ouia-component-id="OUIA-Generated-Text-6"
            data-ouia-component-type="PF4/Text"
            data-ouia-safe={true}
            data-pf-content={true}
          >
            Automated Analysis Config Component
          </p>
        </div>
      </article>
    </div>
    <div
      className="pf-l-stack__item"
    >
      <article
        className="pf-c-card"
        data-ouia-component-id="OUIA-Generated-Card-3"
        data-ouia-component-type="PF4/Card"
        data-ouia-safe={true}
        id=""
      >
        <div
          className="pf-c-card__title"
        >
          <p
            className=""
            data-ouia-component-id="OUIA-Generated-Text-7"
            data-ouia-component-type="PF4/Text"
            data-ouia-safe={true}
            data-pf-content={true}
          >
            Credentials Storage Title
          </p>
          <small
            className=""
            data-ouia-component-id="OUIA-Generated-Text-8"
            data-ouia-component-type="PF4/Text"
            data-ouia-safe={true}
            data-pf-content={true}
          >
            Credentials Storage Description
          </small>
        </div>
        <div
          className="pf-c-card__body"
        >
          <p
            className=""
            data-ouia-component-id="OUIA-Generated-Text-9"
            data-ouia-component-type="PF4/Text"
            data-ouia-safe={true}
            data-pf-content={true}
          >
            Credentials Storage Component
          </p>
        </div>
      </article>
    </div>
    <div
      className="pf-l-stack__item"
    >
      <article
        className="pf-c-card"
        data-ouia-component-id="OUIA-Generated-Card-4"
        data-ouia-component-type="PF4/Card"
        data-ouia-safe={true}
        id=""
      >
        <div
          className="pf-c-card__title"
        >
          <p
            className=""
            data-ouia-component-id="OUIA-Generated-Text-10"
            data-ouia-component-type="PF4/Text"
            data-ouia-safe={true}
            data-pf-content={true}
          >
            Deletion Dialog Control Title
          </p>
          <small
            className=""
            data-ouia-component-id="OUIA-Generated-Text-11"
            data-ouia-component-type="PF4/Text"
            data-ouia-safe={true}
            data-pf-content={true}
          >
            Deletion Dialog Control Description
          </small>
        </div>
        <div
          className="pf-c-card__body"
        >
          <p
            className=""
            data-ouia-component-id="OUIA-Generated-Text-12"
            data-ouia-component-type="PF4/Text"
            data-ouia-safe={true}
            data-pf-content={true}
          >
            Deletion Dialog Control Component
          </p>
        </div>
      </article>
    </div>
    <div
      className="pf-l-stack__item"
    >
      <article
        className="pf-c-card"
        data-ouia-component-id="OUIA-Generated-Card-5"
        data-ouia-component-type="PF4/Card"
        data-ouia-safe={true}
        id=""
      >
        <div
          className="pf-c-card__title"
        >
          <p
            className=""
            data-ouia-component-id="OUIA-Generated-Text-13"
            data-ouia-component-type="PF4/Text"
            data-ouia-safe={true}
            data-pf-content={true}
          >
            WebSocket Debounce Title
          </p>
          <small
            className=""
            data-ouia-component-id="OUIA-Generated-Text-14"
            data-ouia-component-type="PF4/Text"
            data-ouia-safe={true}
            data-pf-content={true}
          >
            WebSocket Debounce Description
          </small>
        </div>
        <div
          className="pf-c-card__body"
        >
          <p
            className=""
            data-ouia-component-id="OUIA-Generated-Text-15"
            data-ouia-component-type="PF4/Text"
            data-ouia-safe={true}
            data-pf-content={true}
          >
            WebSocket Debounce Component
          </p>
        </div>
      </article>
    </div>
    <div
      className="pf-l-stack__item"
    >
      <article
        className="pf-c-card"
        data-ouia-component-id="OUIA-Generated-Card-6"
        data-ouia-component-type="PF4/Card"
        data-ouia-safe={true}
        id=""
      >
        <div
          className="pf-c-card__title"
        >
          <p
            className=""
            data-ouia-component-id="OUIA-Generated-Text-16"
            data-ouia-component-type="PF4/Text"
            data-ouia-safe={true}
            data-pf-content={true}
          >
            AutoRefresh Title
          </p>
          <small
            className=""
            data-ouia-component-id="OUIA-Generated-Text-17"
            data-ouia-component-type="PF4/Text"
            data-ouia-safe={true}
            data-pf-content={true}
          >
            AutoRefresh Description
          </small>
        </div>
        <div
          className="pf-c-card__body"
        >
          <p
            className=""
            data-ouia-component-id="OUIA-Generated-Text-18"
            data-ouia-component-type="PF4/Text"
            data-ouia-safe={true}
            data-pf-content={true}
          >
            AutoRefresh Component
          </p>
        </div>
      </article>
    </div>
    <div
      className="pf-l-stack__item"
    >
      <article
        className="pf-c-card"
        data-ouia-component-id="OUIA-Generated-Card-7"
        data-ouia-component-type="PF4/Card"
        data-ouia-safe={true}
        id=""
      >
        <div
          className="pf-c-card__title"
        >
          <p
            className=""
            data-ouia-component-id="OUIA-Generated-Text-19"
            data-ouia-component-type="PF4/Text"
            data-ouia-safe={true}
            data-pf-content={true}
          >
            Feature Levels Title
          </p>
          <small
            className=""
            data-ouia-component-id="OUIA-Generated-Text-20"
            data-ouia-component-type="PF4/Text"
            data-ouia-safe={true}
            data-pf-content={true}
          >
            Feature Levels Description
          </small>
        </div>
        <div
          className="pf-c-card__body"
        >
          <p
            className=""
            data-ouia-component-id="OUIA-Generated-Text-21"
            data-ouia-component-type="PF4/Text"
            data-ouia-safe={true}
            data-pf-content={true}
          >
            Feature Levels Component
          </p>
        </div>
      </article>
    </div>
  </div>
</section>
`;
