// Jest Snapshot v1, https://goo.gl/fbAQLP

exports[`<LoadingView /> renders correctly 1`] = `
<div
  className="pf-l-bullseye"
>
  <div
    className="pf-c-empty-state"
  >
    <div
      className="pf-c-empty-state__content"
    >
      <div
        className="pf-c-empty-state__icon"
      >
        <span
          aria-label="Contents"
          aria-valuetext="Loading..."
          className="pf-c-spinner pf-m-xl"
          role="progressbar"
        >
          <span
            className="pf-c-spinner__clipper"
          />
          <span
            className="pf-c-spinner__lead-ball"
          />
          <span
            className="pf-c-spinner__tail-ball"
          />
        </span>
      </div>
      <h2
        className="pf-c-title pf-m-lg"
        data-ouia-component-id="OUIA-Generated-Title-1"
        data-ouia-component-type="PF4/Title"
        data-ouia-safe={true}
      >
        Loading
      </h2>
    </div>
  </div>
</div>
`;
