// Jest Snapshot v1, https://goo.gl/fbAQLP

exports[`<AgentLiveProbes /> renders correctly 1`] = `
<div
  className="pf-l-stack pf-m-gutter"
  style={
    Object {
      "marginTop": "1em",
    }
  }
>
  <div
    className="pf-l-stack__item"
  >
    <article
      className="pf-c-card"
      data-ouia-component-id="OUIA-Generated-Card-1"
      data-ouia-component-type="PF4/Card"
      data-ouia-safe={true}
      id=""
    >
      <div
        className="pf-c-card__title"
      >
        About the JMC Agent
      </div>
      <div
        className="pf-c-card__body"
      >
        The JMC Agent allows users to dynamically inject custom JFR events into running JVMs. In order to make use of the JMC Agent, the agent jar must be present in the same container as the target, and the target must be started with the agent (-javaagent:/path/to/agent.jar). Once these pre-requisites are met, the user can upload probe templates to Cryostat and insert them to the target, as well as view or remove currently active probes.
      </div>
    </article>
  </div>
  <div
    className="pf-l-stack__item"
  >
    <div
      className="pf-c-toolbar"
      data-ouia-component-id="OUIA-Generated-Toolbar-1"
      data-ouia-component-type="PF4/Toolbar"
      data-ouia-safe={true}
      id="active-probes-toolbar"
    >
      <div
        className="pf-c-toolbar__content"
      >
        <div
          className="pf-c-toolbar__content-section"
        >
          <div
            className="pf-c-toolbar__group pf-m-filter-group"
          >
            <div
              className="pf-c-toolbar__item"
            >
              <input
                aria-invalid={false}
                aria-label="Active probe filter"
                className="pf-c-form-control"
                data-ouia-component-id="OUIA-Generated-TextInputBase-1"
                data-ouia-component-type="PF4/TextInput"
                data-ouia-safe={true}
                disabled={false}
                id="activeProbeFilter"
                name="activeProbeFilter"
                onBlur={[Function]}
                onChange={[Function]}
                onFocus={[Function]}
                placeholder="Filter..."
                required={false}
                type="search"
              />
            </div>
          </div>
          <div
            className="pf-c-toolbar__group pf-m-icon-button-group"
          >
            <div
              className="pf-c-toolbar__item"
            >
              <button
                aria-disabled={false}
                aria-label={null}
                className="pf-c-button pf-m-danger pf-m-progress"
                data-ouia-component-id="OUIA-Generated-Button-danger-1"
                data-ouia-component-type="PF4/Button"
                data-ouia-safe={true}
                disabled={false}
                onClick={[Function]}
                role={null}
                type="button"
              >
                Remove
                 All Probes
              </button>
            </div>
          </div>
        </div>
        <div
          className="pf-c-toolbar__expandable-content"
          id="active-probes-toolbar-expandable-content-2"
        >
          <div
            className="pf-c-toolbar__group"
          />
        </div>
      </div>
      <div
        className="pf-c-toolbar__content pf-m-hidden"
        hidden={true}
      >
        <div
          className="pf-c-toolbar__group"
        />
      </div>
    </div>
    <table
      aria-label="Active Probe Table"
      className="pf-c-table pf-m-grid-md pf-m-compact"
      data-ouia-component-id="OUIA-Generated-Table-1"
      data-ouia-component-type="PF4/Table"
      data-ouia-safe={true}
      role="grid"
    >
      <thead
        className=""
      >
        <tr
          className=""
          data-ouia-component-id="OUIA-Generated-TableRow-1"
          data-ouia-component-type="PF4/TableRow"
          data-ouia-safe={true}
          hidden={false}
        >
          <th
            aria-sort="none"
            className="pf-c-table__sort"
            onMouseEnter={[Function]}
            scope="col"
          >
            <button
              className="pf-c-table__button"
              onClick={[Function]}
              type="button"
            >
              <div
                className="pf-c-table__button-content"
              >
                <span
                  className="pf-c-table__text"
                  onMouseEnter={[Function]}
                >
                  ID
                </span>
                <span
                  className="pf-c-table__sort-indicator"
                >
                  <svg
                    aria-hidden={true}
                    aria-labelledby={null}
                    fill="currentColor"
                    height="1em"
                    role="img"
                    style={
                      Object {
                        "verticalAlign": "-0.125em",
                      }
                    }
                    viewBox="0 0 256 512"
                    width="1em"
                  >
                    <path
                      d="M214.059 377.941H168V134.059h46.059c21.382 0 32.09-25.851 16.971-40.971L144.971 7.029c-9.373-9.373-24.568-9.373-33.941 0L24.971 93.088c-15.119 15.119-4.411 40.971 16.971 40.971H88v243.882H41.941c-21.382 0-32.09 25.851-16.971 40.971l86.059 86.059c9.373 9.373 24.568 9.373 33.941 0l86.059-86.059c15.12-15.119 4.412-40.971-16.97-40.971z"
                    />
                  </svg>
                </span>
              </div>
            </button>
          </th>
          <th
            aria-sort="none"
            className="pf-c-table__sort"
            onMouseEnter={[Function]}
            scope="col"
          >
            <button
              className="pf-c-table__button"
              onClick={[Function]}
              type="button"
            >
              <div
                className="pf-c-table__button-content"
              >
                <span
                  className="pf-c-table__text"
                  onMouseEnter={[Function]}
                >
                  Name
                </span>
                <span
                  className="pf-c-table__sort-indicator"
                >
                  <svg
                    aria-hidden={true}
                    aria-labelledby={null}
                    fill="currentColor"
                    height="1em"
                    role="img"
                    style={
                      Object {
                        "verticalAlign": "-0.125em",
                      }
                    }
                    viewBox="0 0 256 512"
                    width="1em"
                  >
                    <path
                      d="M214.059 377.941H168V134.059h46.059c21.382 0 32.09-25.851 16.971-40.971L144.971 7.029c-9.373-9.373-24.568-9.373-33.941 0L24.971 93.088c-15.119 15.119-4.411 40.971 16.971 40.971H88v243.882H41.941c-21.382 0-32.09 25.851-16.971 40.971l86.059 86.059c9.373 9.373 24.568 9.373 33.941 0l86.059-86.059c15.12-15.119 4.412-40.971-16.97-40.971z"
                    />
                  </svg>
                </span>
              </div>
            </button>
          </th>
          <th
            aria-sort="none"
            className="pf-c-table__sort"
            onMouseEnter={[Function]}
            scope="col"
          >
            <button
              className="pf-c-table__button"
              onClick={[Function]}
              type="button"
            >
              <div
                className="pf-c-table__button-content"
              >
                <span
                  className="pf-c-table__text"
                  onMouseEnter={[Function]}
                >
                  Class
                </span>
                <span
                  className="pf-c-table__sort-indicator"
                >
                  <svg
                    aria-hidden={true}
                    aria-labelledby={null}
                    fill="currentColor"
                    height="1em"
                    role="img"
                    style={
                      Object {
                        "verticalAlign": "-0.125em",
                      }
                    }
                    viewBox="0 0 256 512"
                    width="1em"
                  >
                    <path
                      d="M214.059 377.941H168V134.059h46.059c21.382 0 32.09-25.851 16.971-40.971L144.971 7.029c-9.373-9.373-24.568-9.373-33.941 0L24.971 93.088c-15.119 15.119-4.411 40.971 16.971 40.971H88v243.882H41.941c-21.382 0-32.09 25.851-16.971 40.971l86.059 86.059c9.373 9.373 24.568 9.373 33.941 0l86.059-86.059c15.12-15.119 4.412-40.971-16.97-40.971z"
                    />
                  </svg>
                </span>
              </div>
            </button>
          </th>
          <th
            aria-sort="none"
            className="pf-c-table__sort"
            onMouseEnter={[Function]}
            scope="col"
          >
            <button
              className="pf-c-table__button"
              onClick={[Function]}
              type="button"
            >
              <div
                className="pf-c-table__button-content"
              >
                <span
                  className="pf-c-table__text"
                  onMouseEnter={[Function]}
                >
                  Description
                </span>
                <span
                  className="pf-c-table__sort-indicator"
                >
                  <svg
                    aria-hidden={true}
                    aria-labelledby={null}
                    fill="currentColor"
                    height="1em"
                    role="img"
                    style={
                      Object {
                        "verticalAlign": "-0.125em",
                      }
                    }
                    viewBox="0 0 256 512"
                    width="1em"
                  >
                    <path
                      d="M214.059 377.941H168V134.059h46.059c21.382 0 32.09-25.851 16.971-40.971L144.971 7.029c-9.373-9.373-24.568-9.373-33.941 0L24.971 93.088c-15.119 15.119-4.411 40.971 16.971 40.971H88v243.882H41.941c-21.382 0-32.09 25.851-16.971 40.971l86.059 86.059c9.373 9.373 24.568 9.373 33.941 0l86.059-86.059c15.12-15.119 4.412-40.971-16.97-40.971z"
                    />
                  </svg>
                </span>
              </div>
            </button>
          </th>
          <th
            aria-sort="none"
            className="pf-c-table__sort"
            onMouseEnter={[Function]}
            scope="col"
          >
            <button
              className="pf-c-table__button"
              onClick={[Function]}
              type="button"
            >
              <div
                className="pf-c-table__button-content"
              >
                <span
                  className="pf-c-table__text"
                  onMouseEnter={[Function]}
                >
                  Method
                </span>
                <span
                  className="pf-c-table__sort-indicator"
                >
                  <svg
                    aria-hidden={true}
                    aria-labelledby={null}
                    fill="currentColor"
                    height="1em"
                    role="img"
                    style={
                      Object {
                        "verticalAlign": "-0.125em",
                      }
                    }
                    viewBox="0 0 256 512"
                    width="1em"
                  >
                    <path
                      d="M214.059 377.941H168V134.059h46.059c21.382 0 32.09-25.851 16.971-40.971L144.971 7.029c-9.373-9.373-24.568-9.373-33.941 0L24.971 93.088c-15.119 15.119-4.411 40.971 16.971 40.971H88v243.882H41.941c-21.382 0-32.09 25.851-16.971 40.971l86.059 86.059c9.373 9.373 24.568 9.373 33.941 0l86.059-86.059c15.12-15.119 4.412-40.971-16.97-40.971z"
                    />
                  </svg>
                </span>
              </div>
            </button>
          </th>
        </tr>
      </thead>
      <tbody
        className=""
        role="rowgroup"
      >
        <tr
          className=""
          data-ouia-component-id="OUIA-Generated-TableRow-2"
          data-ouia-component-type="PF4/TableRow"
          data-ouia-safe={true}
          hidden={false}
        >
          <td
            className=""
            data-label="ID"
            onMouseEnter={[Function]}
          >
            some_id
          </td>
          <td
            className=""
            data-label="Name"
            onMouseEnter={[Function]}
          >
            some_name
          </td>
          <td
            className=""
            data-label="Class"
            onMouseEnter={[Function]}
          >
            some_clazz
          </td>
          <td
            className=""
            data-label="Description"
            onMouseEnter={[Function]}
          >
            some_desc
          </td>
          <td
            className=""
            data-label="Method"
            onMouseEnter={[Function]}
          >
            a_method
          </td>
        </tr>
      </tbody>
    </table>
  </div>
</div>
`;
