// Jest Snapshot v1, https://goo.gl/fbAQLP

exports[`<About /> renders correctly 1`] = `
<div>
  About
  <article
    className="pf-c-card"
    data-ouia-component-id="OUIA-Generated-Card-1"
    data-ouia-component-type="PF4/Card"
    data-ouia-safe={true}
    id=""
  >
    <div
      className="pf-c-card__header"
    >
      <img
        alt="Cryostat"
        className="pf-c-brand cryostat-logo"
        src="test-file-stub"
      />
    </div>
    <div
      className="pf-c-card__body"
    >
      <div>
        AboutDescription
      </div>
    </div>
    <div
      className="pf-c-card__footer"
    >
      Copyright The Cryostat Authors, The Universal Permissive License (UPL), Version 1.0
    </div>
  </article>
</div>
`;
