// Jest Snapshot v1, https://goo.gl/fbAQLP

exports[`<StoreJmxCredentials /> renders correctly 1`] = `
Array [
  <div
    className="pf-c-toolbar"
    data-ouia-component-id="OUIA-Generated-Toolbar-2"
    data-ouia-component-type="PF4/Toolbar"
    data-ouia-safe={true}
    id="target-credentials-toolbar"
  >
    <div
      className="pf-c-toolbar__content"
    >
      <div
        className="pf-c-toolbar__content-section"
      >
        <div
          className="pf-c-toolbar__item"
        >
          <button
            aria-disabled={false}
            aria-label="add-jmx-credential"
            className="pf-c-button pf-m-primary"
            data-ouia-component-id="OUIA-Generated-Button-primary-2"
            data-ouia-component-type="PF4/Button"
            data-ouia-safe={true}
            disabled={false}
            onClick={[Function]}
            role={null}
            type="button"
          >
            Add
          </button>
        </div>
        <div
          className="pf-c-toolbar__item"
        >
          <button
            aria-disabled={true}
            aria-label="delete-selected-jmx-credential"
            className="pf-c-button pf-m-danger pf-m-disabled"
            data-ouia-component-id="OUIA-Generated-Button-danger-2"
            data-ouia-component-type="PF4/Button"
            data-ouia-safe={true}
            disabled={true}
            onClick={[Function]}
            role={null}
            tabIndex={null}
            type="button"
          >
            Delete
          </button>
        </div>
      </div>
      <div
        className="pf-c-toolbar__expandable-content"
        id="target-credentials-toolbar-expandable-content-1"
      >
        <div
          className="pf-c-toolbar__group"
        />
      </div>
    </div>
    <div
      className="pf-c-toolbar__content pf-m-hidden"
      hidden={true}
    >
      <div
        className="pf-c-toolbar__group"
      />
    </div>
  </div>,
  <table
    aria-label="Stored Credentials"
    className="pf-c-table pf-m-grid-md"
    data-ouia-component-id="OUIA-Generated-Table-1"
    data-ouia-component-type="PF4/Table"
    data-ouia-safe={true}
    role="grid"
  >
    <thead
      className=""
    >
      <tr
        className=""
        data-ouia-component-id="OUIA-Generated-TableRow-1"
        data-ouia-component-type="PF4/TableRow"
        data-ouia-safe={true}
        hidden={false}
      >
        <th
          className=""
          onMouseEnter={[Function]}
          scope={null}
        />
        <td
          className="pf-c-table__check"
          onMouseEnter={[Function]}
          scope={null}
        >
          <label>
            <input
              aria-label="Select all rows"
              checked={false}
              name="check-all"
              onChange={[Function]}
              type="checkbox"
            />
          </label>
        </td>
        <th
          className="pf-m-width-90"
          onMouseEnter={[Function]}
          scope="col"
        >
          Match Expression
        </th>
        <th
          className="pf-m-width-15"
          onMouseEnter={[Function]}
          scope="col"
        >
          Count
        </th>
      </tr>
    </thead>
    <tbody
      className=""
      role="rowgroup"
    >
      <tr
        className=""
        data-ouia-component-id="OUIA-Generated-TableRow-2"
        data-ouia-component-type="PF4/TableRow"
        data-ouia-safe={true}
        hidden={false}
      >
        <td
          aria-controls="credentials-ex-expand-0"
          className="pf-c-table__toggle"
          id="credentials-ex-toggle-0"
          onMouseEnter={[Function]}
        >
          <button
            aria-disabled={false}
            aria-expanded={false}
            aria-label="Details"
            aria-labelledby="simple-node0 expand-toggle0"
            className="pf-c-button pf-m-plain"
            data-ouia-component-id="OUIA-Generated-Button-plain-1"
            data-ouia-component-type="PF4/Button"
            data-ouia-safe={true}
            disabled={false}
            id="expand-toggle0"
            onClick={[Function]}
            role={null}
            type="button"
          >
            <div
              className="pf-c-table__toggle-icon"
            >
              <svg
                aria-hidden={true}
                aria-labelledby={null}
                fill="currentColor"
                height="1em"
                role="img"
                style={
                  Object {
                    "verticalAlign": "-0.125em",
                  }
                }
                viewBox="0 0 320 512"
                width="1em"
              >
                <path
                  d="M143 352.3L7 216.3c-9.4-9.4-9.4-24.6 0-33.9l22.6-22.6c9.4-9.4 24.6-9.4 33.9 0l96.4 96.4 96.4-96.4c9.4-9.4 24.6-9.4 33.9 0l22.6 22.6c9.4 9.4 9.4 24.6 0 33.9l-136 136c-9.2 9.4-24.4 9.4-33.8 0z"
                />
              </svg>
            </div>
          </button>
        </td>
        <td
          className=""
          onMouseEnter={[Function]}
        >
          <div
            className="pf-c-check pf-m-standalone"
          >
            <input
              aria-invalid={false}
              aria-label="credentials-table-row-0-check"
              checked={false}
              className="pf-c-check__input"
              data-ouia-component-id="OUIA-Generated-Checkbox-1"
              data-ouia-component-type="PF4/Checkbox"
              data-ouia-safe={true}
              disabled={false}
              id="credentials-table-row-0-check"
              name="credentials-table-row-0-check"
              onChange={[Function]}
              required={false}
              type="checkbox"
            />
          </div>
        </td>
        <td
          className=""
          data-label="Match Expression"
          onMouseEnter={[Function]}
        >
          target.connectUrl == "service:jmx:rmi://someUrl"
        </td>
        <td
          className=""
          data-label="Count"
          onMouseEnter={[Function]}
        >
          <span
            className="pf-c-badge pf-m-unread"
          >
            1
          </span>
        </td>
      </tr>
      <tr
        className="pf-c-table__expandable-row"
        data-ouia-component-id="OUIA-Generated-TableRow-3"
        data-ouia-component-type="PF4/TableRow"
        data-ouia-safe={true}
        hidden={true}
      >
        <td
          className=""
          colSpan={4}
          data-label="Content Details"
          onMouseEnter={[Function]}
        />
      </tr>
      <tr
        className=""
        data-ouia-component-id="OUIA-Generated-TableRow-4"
        data-ouia-component-type="PF4/TableRow"
        data-ouia-safe={true}
        hidden={false}
      >
        <td
          aria-controls="credentials-ex-expand-1"
          className="pf-c-table__toggle"
          id="credentials-ex-toggle-1"
          onMouseEnter={[Function]}
        >
          <button
            aria-disabled={false}
            aria-expanded={false}
            aria-label="Details"
            aria-labelledby="simple-node1 expand-toggle1"
            className="pf-c-button pf-m-plain"
            data-ouia-component-id="OUIA-Generated-Button-plain-2"
            data-ouia-component-type="PF4/Button"
            data-ouia-safe={true}
            disabled={false}
            id="expand-toggle1"
            onClick={[Function]}
            role={null}
            type="button"
          >
            <div
              className="pf-c-table__toggle-icon"
            >
              <svg
                aria-hidden={true}
                aria-labelledby={null}
                fill="currentColor"
                height="1em"
                role="img"
                style={
                  Object {
                    "verticalAlign": "-0.125em",
                  }
                }
                viewBox="0 0 320 512"
                width="1em"
              >
                <path
                  d="M143 352.3L7 216.3c-9.4-9.4-9.4-24.6 0-33.9l22.6-22.6c9.4-9.4 24.6-9.4 33.9 0l96.4 96.4 96.4-96.4c9.4-9.4 24.6-9.4 33.9 0l22.6 22.6c9.4 9.4 9.4 24.6 0 33.9l-136 136c-9.2 9.4-24.4 9.4-33.8 0z"
                />
              </svg>
            </div>
          </button>
        </td>
        <td
          className=""
          onMouseEnter={[Function]}
        >
          <div
            className="pf-c-check pf-m-standalone"
          >
            <input
              aria-invalid={false}
              aria-label="credentials-table-row-1-check"
              checked={false}
              className="pf-c-check__input"
              data-ouia-component-id="OUIA-Generated-Checkbox-2"
              data-ouia-component-type="PF4/Checkbox"
              data-ouia-safe={true}
              disabled={false}
              id="credentials-table-row-1-check"
              name="credentials-table-row-1-check"
              onChange={[Function]}
              required={false}
              type="checkbox"
            />
          </div>
        </td>
        <td
          className=""
          data-label="Match Expression"
          onMouseEnter={[Function]}
        >
          target.connectUrl == "service:jmx:rmi://anotherUrl" || target.connectUrl == "service:jmx:rmi://anotherMatchUrl" || target.connectUrl == "service:jmx:rmi://yetAnotherMatchUrl"
        </td>
        <td
          className=""
          data-label="Count"
          onMouseEnter={[Function]}
        >
          <span
            className="pf-c-badge pf-m-unread"
          >
            2
          </span>
        </td>
      </tr>
      <tr
        className="pf-c-table__expandable-row"
        data-ouia-component-id="OUIA-Generated-TableRow-5"
        data-ouia-component-type="PF4/TableRow"
        data-ouia-safe={true}
        hidden={true}
      >
        <td
          className=""
          colSpan={4}
          data-label="Content Details"
          onMouseEnter={[Function]}
        />
      </tr>
    </tbody>
  </table>,
]
`;
